// Jest Snapshot v1, https://goo.gl/fbAQLP

exports[`Rocket reserved displayed in profile 1`] = `
<div
  className="reserve-container"
  id="container"
>
  <h1
    className="profile-missions-title"
  >
    My Rockets
  </h1>
  <ul
    className="profile-missions"
  >
    <p
      className="no-reserve"
    >
      No Rockets Reserved
    </p>
  </ul>
</div>
`;
